{Heap before GC invocations=0 (full 0):
 par new generation   total 2309568K, used 2052992K [0x0000000686c00000, 0x0000000723600000, 0x0000000723600000)
  eden space 2052992K, 100% used [0x0000000686c00000, 0x00000007040e0000, 0x00000007040e0000)
  from space 256576K,   0% used [0x00000007040e0000, 0x00000007040e0000, 0x0000000713b70000)
  to   space 256576K,   0% used [0x0000000713b70000, 0x0000000713b70000, 0x0000000723600000)
 concurrent mark-sweep generation total 2566144K, used 0K [0x0000000723600000, 0x00000007c0000000, 0x00000007c0000000)
 concurrent-mark-sweep perm gen total 1048576K, used 29645K [0x00000007c0000000, 0x0000000800000000, 0x0000000800000000)
2017-05-31T16:33:29.483+0200: 17.514: [GC2017-05-31T16:33:29.483+0200: 17.514: [ParNew
Desired survivor size 131366912 bytes, new threshold 6 (max 6)
- age   1:   28707608 bytes,   28707608 total
: 2052992K->28102K(2309568K), 0.0382150 secs] 2052992K->28102K(4875712K), 0.0383640 secs] [Times: user=0.10 sys=0.01, real=0.04 secs] 
Heap after GC invocations=1 (full 0):
 par new generation   total 2309568K, used 28102K [0x0000000686c00000, 0x0000000723600000, 0x0000000723600000)
  eden space 2052992K,   0% used [0x0000000686c00000, 0x0000000686c00000, 0x00000007040e0000)
  from space 256576K,  10% used [0x0000000713b70000, 0x00000007156e1960, 0x0000000723600000)
  to   space 256576K,   0% used [0x00000007040e0000, 0x00000007040e0000, 0x0000000713b70000)
 concurrent mark-sweep generation total 2566144K, used 0K [0x0000000723600000, 0x00000007c0000000, 0x00000007c0000000)
 concurrent-mark-sweep perm gen total 1048576K, used 29645K [0x00000007c0000000, 0x0000000800000000, 0x0000000800000000)
}
{Heap before GC invocations=1 (full 0):
 par new generation   total 2309568K, used 2081094K [0x0000000686c00000, 0x0000000723600000, 0x0000000723600000)
  eden space 2052992K, 100% used [0x0000000686c00000, 0x00000007040e0000, 0x00000007040e0000)
  from space 256576K,  10% used [0x0000000713b70000, 0x00000007156e1960, 0x0000000723600000)
  to   space 256576K,   0% used [0x00000007040e0000, 0x00000007040e0000, 0x0000000713b70000)
 concurrent mark-sweep generation total 2566144K, used 0K [0x0000000723600000, 0x00000007c0000000, 0x00000007c0000000)
 concurrent-mark-sweep perm gen total 1048576K, used 50664K [0x00000007c0000000, 0x0000000800000000, 0x0000000800000000)
2017-05-31T16:33:36.305+0200: 24.337: [GC2017-05-31T16:33:36.306+0200: 24.337: [ParNew
Desired survivor size 131366912 bytes, new threshold 6 (max 6)
- age   1:   34334888 bytes,   34334888 total
- age   2:   10709168 bytes,   45044056 total
: 2081094K->51971K(2309568K), 0.0480620 secs] 2081094K->51971K(4875712K), 0.0481850 secs] [Times: user=0.13 sys=0.02, real=0.05 secs] 
Heap after GC invocations=2 (full 0):
 par new generation   total 2309568K, used 51971K [0x0000000686c00000, 0x0000000723600000, 0x0000000723600000)
  eden space 2052992K,   0% used [0x0000000686c00000, 0x0000000686c00000, 0x00000007040e0000)
  from space 256576K,  20% used [0x00000007040e0000, 0x00000007073a0e48, 0x0000000713b70000)
  to   space 256576K,   0% used [0x0000000713b70000, 0x0000000713b70000, 0x0000000723600000)
 concurrent mark-sweep generation total 2566144K, used 0K [0x0000000723600000, 0x00000007c0000000, 0x00000007c0000000)
 concurrent-mark-sweep perm gen total 1048576K, used 50664K [0x00000007c0000000, 0x0000000800000000, 0x0000000800000000)
}
{Heap before GC invocations=2 (full 0):
 par new generation   total 2309568K, used 2104963K [0x0000000686c00000, 0x0000000723600000, 0x0000000723600000)
  eden space 2052992K, 100% used [0x0000000686c00000, 0x00000007040e0000, 0x00000007040e0000)
  from space 256576K,  20% used [0x00000007040e0000, 0x00000007073a0e48, 0x0000000713b70000)
  to   space 256576K,   0% used [0x0000000713b70000, 0x0000000713b70000, 0x0000000723600000)
 concurrent mark-sweep generation total 2566144K, used 0K [0x0000000723600000, 0x00000007c0000000, 0x00000007c0000000)
 concurrent-mark-sweep perm gen total 1048576K, used 76767K [0x00000007c0000000, 0x0000000800000000, 0x0000000800000000)
2017-05-31T16:33:41.507+0200: 29.539: [GC2017-05-31T16:33:41.507+0200: 29.539: [ParNew
Desired survivor size 131366912 bytes, new threshold 6 (max 6)
- age   1:   38504312 bytes,   38504312 total
- age   2:   15685224 bytes,   54189536 total
- age   3:   10653080 bytes,   64842616 total
: 2104963K->70661K(2309568K), 0.0676300 secs] 2104963K->70661K(4875712K), 0.0677630 secs] [Times: user=0.17 sys=0.01, real=0.07 secs] 
Heap after GC invocations=3 (full 0):
 par new generation   total 2309568K, used 70661K [0x0000000686c00000, 0x0000000723600000, 0x0000000723600000)
  eden space 2052992K,   0% used [0x0000000686c00000, 0x0000000686c00000, 0x00000007040e0000)
  from space 256576K,  27% used [0x0000000713b70000, 0x00000007180716e8, 0x0000000723600000)
  to   space 256576K,   0% used [0x00000007040e0000, 0x00000007040e0000, 0x0000000713b70000)
 concurrent mark-sweep generation total 2566144K, used 0K [0x0000000723600000, 0x00000007c0000000, 0x00000007c0000000)
 concurrent-mark-sweep perm gen total 1048576K, used 76767K [0x00000007c0000000, 0x0000000800000000, 0x0000000800000000)
}
{Heap before GC invocations=3 (full 0):
 par new generation   total 2309568K, used 2123653K [0x0000000686c00000, 0x0000000723600000, 0x0000000723600000)
  eden space 2052992K, 100% used [0x0000000686c00000, 0x00000007040e0000, 0x00000007040e0000)
  from space 256576K,  27% used [0x0000000713b70000, 0x00000007180716e8, 0x0000000723600000)
  to   space 256576K,   0% used [0x00000007040e0000, 0x00000007040e0000, 0x0000000713b70000)
 concurrent mark-sweep generation total 2566144K, used 0K [0x0000000723600000, 0x00000007c0000000, 0x00000007c0000000)
 concurrent-mark-sweep perm gen total 1048576K, used 90683K [0x00000007c0000000, 0x0000000800000000, 0x0000000800000000)
2017-05-31T16:34:04.493+0200: 52.524: [GC2017-05-31T16:34:04.493+0200: 52.524: [ParNew
Desired survivor size 131366912 bytes, new threshold 1 (max 6)
- age   1:  214597352 bytes,  214597352 total
- age   2:   11394240 bytes,  225991592 total
- age   3:   15647920 bytes,  241639512 total
- age   4:   10614136 bytes,  252253648 total
: 2123653K->256576K(2309568K), 0.3286410 secs] 2123653K->333446K(4875712K), 0.3287820 secs] [Times: user=0.53 sys=0.04, real=0.33 secs] 
Heap after GC invocations=4 (full 0):
 par new generation   total 2309568K, used 256576K [0x0000000686c00000, 0x0000000723600000, 0x0000000723600000)
  eden space 2052992K,   0% used [0x0000000686c00000, 0x0000000686c00000, 0x00000007040e0000)
  from space 256576K, 100% used [0x00000007040e0000, 0x0000000713b70000, 0x0000000713b70000)
  to   space 256576K,   0% used [0x0000000713b70000, 0x0000000713b70000, 0x0000000723600000)
 concurrent mark-sweep generation total 2566144K, used 76870K [0x0000000723600000, 0x00000007c0000000, 0x00000007c0000000)
 concurrent-mark-sweep perm gen total 1048576K, used 90683K [0x00000007c0000000, 0x0000000800000000, 0x0000000800000000)
}
{Heap before GC invocations=4 (full 0):
 par new generation   total 2309568K, used 2309568K [0x0000000686c00000, 0x0000000723600000, 0x0000000723600000)
  eden space 2052992K, 100% used [0x0000000686c00000, 0x00000007040e0000, 0x00000007040e0000)
  from space 256576K, 100% used [0x00000007040e0000, 0x0000000713b70000, 0x0000000713b70000)
  to   space 256576K,   0% used [0x0000000713b70000, 0x0000000713b70000, 0x0000000723600000)
 concurrent mark-sweep generation total 2566144K, used 76870K [0x0000000723600000, 0x00000007c0000000, 0x00000007c0000000)
 concurrent-mark-sweep perm gen total 1048576K, used 95500K [0x00000007c0000000, 0x0000000800000000, 0x0000000800000000)
2017-05-31T16:34:15.997+0200: 64.028: [GC2017-05-31T16:34:15.997+0200: 64.028: [ParNew
Desired survivor size 131366912 bytes, new threshold 1 (max 6)
- age   1:  183080976 bytes,  183080976 total
: 2309568K->256575K(2309568K), 0.8503680 secs] 2386438K->646059K(4875712K), 0.8504930 secs] [Times: user=1.37 sys=0.11, real=0.85 secs] 
Heap after GC invocations=5 (full 0):
 par new generation   total 2309568K, used 256575K [0x0000000686c00000, 0x0000000723600000, 0x0000000723600000)
  eden space 2052992K,   0% used [0x0000000686c00000, 0x0000000686c00000, 0x00000007040e0000)
  from space 256576K,  99% used [0x0000000713b70000, 0x00000007235ffff8, 0x0000000723600000)
  to   space 256576K,   0% used [0x00000007040e0000, 0x00000007040e0000, 0x0000000713b70000)
 concurrent mark-sweep generation total 2566144K, used 389483K [0x0000000723600000, 0x00000007c0000000, 0x00000007c0000000)
 concurrent-mark-sweep perm gen total 1048576K, used 95500K [0x00000007c0000000, 0x0000000800000000, 0x0000000800000000)
}
{Heap before GC invocations=5 (full 0):
 par new generation   total 2309568K, used 2309567K [0x0000000686c00000, 0x0000000723600000, 0x0000000723600000)
  eden space 2052992K, 100% used [0x0000000686c00000, 0x00000007040e0000, 0x00000007040e0000)
  from space 256576K,  99% used [0x0000000713b70000, 0x00000007235ffff8, 0x0000000723600000)
  to   space 256576K,   0% used [0x00000007040e0000, 0x00000007040e0000, 0x0000000713b70000)
 concurrent mark-sweep generation total 2566144K, used 389483K [0x0000000723600000, 0x00000007c0000000, 0x00000007c0000000)
 concurrent-mark-sweep perm gen total 1048576K, used 101855K [0x00000007c0000000, 0x0000000800000000, 0x0000000800000000)
2017-05-31T16:34:22.867+0200: 70.898: [GC2017-05-31T16:34:22.867+0200: 70.898: [ParNew
Desired survivor size 131366912 bytes, new threshold 6 (max 6)
- age   1:   46178128 bytes,   46178128 total
- age   2:        208 bytes,   46178336 total
: 2309567K->59532K(2309568K), 0.0612320 secs] 2699051K->454705K(4875712K), 0.0613700 secs] [Times: user=0.21 sys=0.00, real=0.06 secs] 
Heap after GC invocations=6 (full 0):
 par new generation   total 2309568K, used 59532K [0x0000000686c00000, 0x0000000723600000, 0x0000000723600000)
  eden space 2052992K,   0% used [0x0000000686c00000, 0x0000000686c00000, 0x00000007040e0000)
  from space 256576K,  23% used [0x00000007040e0000, 0x0000000707b03008, 0x0000000713b70000)
  to   space 256576K,   0% used [0x0000000713b70000, 0x0000000713b70000, 0x0000000723600000)
 concurrent mark-sweep generation total 2566144K, used 395173K [0x0000000723600000, 0x00000007c0000000, 0x00000007c0000000)
 concurrent-mark-sweep perm gen total 1048576K, used 101855K [0x00000007c0000000, 0x0000000800000000, 0x0000000800000000)
}
{Heap before GC invocations=6 (full 0):
 par new generation   total 2309568K, used 1373387K [0x0000000686c00000, 0x0000000723600000, 0x0000000723600000)
  eden space 2052992K,  63% used [0x0000000686c00000, 0x00000006d6f0fc00, 0x00000007040e0000)
  from space 256576K,  23% used [0x00000007040e0000, 0x0000000707b03008, 0x0000000713b70000)
  to   space 256576K,   0% used [0x0000000713b70000, 0x0000000713b70000, 0x0000000723600000)
 concurrent mark-sweep generation total 2566144K, used 395173K [0x0000000723600000, 0x00000007c0000000, 0x00000007c0000000)
 concurrent-mark-sweep perm gen total 1048576K, used 110621K [0x00000007c0000000, 0x0000000800000000, 0x0000000800000000)
2017-05-31T16:34:24.335+0200: 72.366: [Full GC2017-05-31T16:34:24.335+0200: 72.366: [CMS: 395173K->146367K(2566144K), 0.7156170 secs] 1768560K->146367K(4875712K), [CMS Perm : 110621K->110477K(1048576K)], 0.7157640 secs] [Times: user=0.70 sys=0.01, real=0.72 secs] 
Heap after GC invocations=7 (full 1):
 par new generation   total 2309568K, used 0K [0x0000000686c00000, 0x0000000723600000, 0x0000000723600000)
  eden space 2052992K,   0% used [0x0000000686c00000, 0x0000000686c00000, 0x00000007040e0000)
  from space 256576K,   0% used [0x00000007040e0000, 0x00000007040e0000, 0x0000000713b70000)
  to   space 256576K,   0% used [0x0000000713b70000, 0x0000000713b70000, 0x0000000723600000)
 concurrent mark-sweep generation total 2566144K, used 146367K [0x0000000723600000, 0x00000007c0000000, 0x00000007c0000000)
 concurrent-mark-sweep perm gen total 1048576K, used 110477K [0x00000007c0000000, 0x0000000800000000, 0x0000000800000000)
}
{Heap before GC invocations=7 (full 1):
 par new generation   total 2309568K, used 2052992K [0x0000000686c00000, 0x0000000723600000, 0x0000000723600000)
  eden space 2052992K, 100% used [0x0000000686c00000, 0x00000007040e0000, 0x00000007040e0000)
  from space 256576K,   0% used [0x00000007040e0000, 0x00000007040e0000, 0x0000000713b70000)
  to   space 256576K,   0% used [0x0000000713b70000, 0x0000000713b70000, 0x0000000723600000)
 concurrent mark-sweep generation total 2566144K, used 146367K [0x0000000723600000, 0x00000007c0000000, 0x00000007c0000000)
 concurrent-mark-sweep perm gen total 1048576K, used 127480K [0x00000007c0000000, 0x0000000800000000, 0x0000000800000000)
2017-05-31T16:34:30.999+0200: 79.030: [GC2017-05-31T16:34:30.999+0200: 79.030: [ParNew
Desired survivor size 131366912 bytes, new threshold 6 (max 6)
- age   1:   40512664 bytes,   40512664 total
: 2052992K->65123K(2309568K), 0.0434410 secs] 2199359K->211490K(4875712K), 0.0435820 secs] [Times: user=0.12 sys=0.00, real=0.04 secs] 
Heap after GC invocations=8 (full 1):
 par new generation   total 2309568K, used 65123K [0x0000000686c00000, 0x0000000723600000, 0x0000000723600000)
  eden space 2052992K,   0% used [0x0000000686c00000, 0x0000000686c00000, 0x00000007040e0000)
  from space 256576K,  25% used [0x0000000713b70000, 0x0000000717b08cf8, 0x0000000723600000)
  to   space 256576K,   0% used [0x00000007040e0000, 0x00000007040e0000, 0x0000000713b70000)
 concurrent mark-sweep generation total 2566144K, used 146367K [0x0000000723600000, 0x00000007c0000000, 0x00000007c0000000)
 concurrent-mark-sweep perm gen total 1048576K, used 127480K [0x00000007c0000000, 0x0000000800000000, 0x0000000800000000)
}
{Heap before GC invocations=8 (full 1):
 par new generation   total 2309568K, used 2118115K [0x0000000686c00000, 0x0000000723600000, 0x0000000723600000)
  eden space 2052992K, 100% used [0x0000000686c00000, 0x00000007040e0000, 0x00000007040e0000)
  from space 256576K,  25% used [0x0000000713b70000, 0x0000000717b08cf8, 0x0000000723600000)
  to   space 256576K,   0% used [0x00000007040e0000, 0x00000007040e0000, 0x0000000713b70000)
 concurrent mark-sweep generation total 2566144K, used 146367K [0x0000000723600000, 0x00000007c0000000, 0x00000007c0000000)
 concurrent-mark-sweep perm gen total 1048576K, used 145831K [0x00000007c0000000, 0x0000000800000000, 0x0000000800000000)
2017-05-31T16:34:42.912+0200: 90.943: [GC2017-05-31T16:34:42.912+0200: 90.943: [ParNew
Desired survivor size 131366912 bytes, new threshold 6 (max 6)
- age   1:   34064664 bytes,   34064664 total
- age   2:   10006688 bytes,   44071352 total
: 2118115K->48302K(2309568K), 0.0417870 secs] 2264482K->194669K(4875712K), 0.0419260 secs] [Times: user=0.12 sys=0.00, real=0.04 secs] 
Heap after GC invocations=9 (full 1):
 par new generation   total 2309568K, used 48302K [0x0000000686c00000, 0x0000000723600000, 0x0000000723600000)
  eden space 2052992K,   0% used [0x0000000686c00000, 0x0000000686c00000, 0x00000007040e0000)
  from space 256576K,  18% used [0x00000007040e0000, 0x000000070700b8b0, 0x0000000713b70000)
  to   space 256576K,   0% used [0x0000000713b70000, 0x0000000713b70000, 0x0000000723600000)
 concurrent mark-sweep generation total 2566144K, used 146367K [0x0000000723600000, 0x00000007c0000000, 0x00000007c0000000)
 concurrent-mark-sweep perm gen total 1048576K, used 145831K [0x00000007c0000000, 0x0000000800000000, 0x0000000800000000)
}
{Heap before GC invocations=9 (full 1):
 par new generation   total 2309568K, used 2101294K [0x0000000686c00000, 0x0000000723600000, 0x0000000723600000)
  eden space 2052992K, 100% used [0x0000000686c00000, 0x00000007040e0000, 0x00000007040e0000)
  from space 256576K,  18% used [0x00000007040e0000, 0x000000070700b8b0, 0x0000000713b70000)
  to   space 256576K,   0% used [0x0000000713b70000, 0x0000000713b70000, 0x0000000723600000)
 concurrent mark-sweep generation total 2566144K, used 146367K [0x0000000723600000, 0x00000007c0000000, 0x00000007c0000000)
 concurrent-mark-sweep perm gen total 1048576K, used 162134K [0x00000007c0000000, 0x0000000800000000, 0x0000000800000000)
2017-05-31T16:34:56.562+0200: 104.593: [GC2017-05-31T16:34:56.562+0200: 104.594: [ParNew
Desired survivor size 131366912 bytes, new threshold 6 (max 6)
- age   1:   61921320 bytes,   61921320 total
- age   2:    8989464 bytes,   70910784 total
- age   3:    9929456 bytes,   80840240 total
: 2101294K->92303K(2309568K), 0.0718700 secs] 2247661K->238670K(4875712K), 0.0720320 secs] [Times: user=0.24 sys=0.00, real=0.07 secs] 
Heap after GC invocations=10 (full 1):
 par new generation   total 2309568K, used 92303K [0x0000000686c00000, 0x0000000723600000, 0x0000000723600000)
  eden space 2052992K,   0% used [0x0000000686c00000, 0x0000000686c00000, 0x00000007040e0000)
  from space 256576K,  35% used [0x0000000713b70000, 0x0000000719593e00, 0x0000000723600000)
  to   space 256576K,   0% used [0x00000007040e0000, 0x00000007040e0000, 0x0000000713b70000)
 concurrent mark-sweep generation total 2566144K, used 146367K [0x0000000723600000, 0x00000007c0000000, 0x00000007c0000000)
 concurrent-mark-sweep perm gen total 1048576K, used 162134K [0x00000007c0000000, 0x0000000800000000, 0x0000000800000000)
}
{Heap before GC invocations=10 (full 1):
 par new generation   total 2309568K, used 2145295K [0x0000000686c00000, 0x0000000723600000, 0x0000000723600000)
  eden space 2052992K, 100% used [0x0000000686c00000, 0x00000007040e0000, 0x00000007040e0000)
  from space 256576K,  35% used [0x0000000713b70000, 0x0000000719593e00, 0x0000000723600000)
  to   space 256576K,   0% used [0x00000007040e0000, 0x00000007040e0000, 0x0000000713b70000)
 concurrent mark-sweep generation total 2566144K, used 146367K [0x0000000723600000, 0x00000007c0000000, 0x00000007c0000000)
 concurrent-mark-sweep perm gen total 1048576K, used 168216K [0x00000007c0000000, 0x0000000800000000, 0x0000000800000000)
2017-05-31T16:35:05.270+0200: 113.301: [GC2017-05-31T16:35:05.270+0200: 113.301: [ParNew
Desired survivor size 131366912 bytes, new threshold 6 (max 6)
- age   1:   39106720 bytes,   39106720 total
- age   2:   33398160 bytes,   72504880 total
- age   3:    7664168 bytes,   80169048 total
- age   4:    9926632 bytes,   90095680 total
: 2145295K->106276K(2309568K), 0.0957010 secs] 2291662K->252643K(4875712K), 0.0958380 secs] [Times: user=0.25 sys=0.00, real=0.10 secs] 
Heap after GC invocations=11 (full 1):
 par new generation   total 2309568K, used 106276K [0x0000000686c00000, 0x0000000723600000, 0x0000000723600000)
  eden space 2052992K,   0% used [0x0000000686c00000, 0x0000000686c00000, 0x00000007040e0000)
  from space 256576K,  41% used [0x00000007040e0000, 0x000000070a8a9288, 0x0000000713b70000)
  to   space 256576K,   0% used [0x0000000713b70000, 0x0000000713b70000, 0x0000000723600000)
 concurrent mark-sweep generation total 2566144K, used 146367K [0x0000000723600000, 0x00000007c0000000, 0x00000007c0000000)
 concurrent-mark-sweep perm gen total 1048576K, used 168216K [0x00000007c0000000, 0x0000000800000000, 0x0000000800000000)
}
{Heap before GC invocations=11 (full 1):
 par new generation   total 2309568K, used 2159268K [0x0000000686c00000, 0x0000000723600000, 0x0000000723600000)
  eden space 2052992K, 100% used [0x0000000686c00000, 0x00000007040e0000, 0x00000007040e0000)
  from space 256576K,  41% used [0x00000007040e0000, 0x000000070a8a9288, 0x0000000713b70000)
  to   space 256576K,   0% used [0x0000000713b70000, 0x0000000713b70000, 0x0000000723600000)
 concurrent mark-sweep generation total 2566144K, used 146367K [0x0000000723600000, 0x00000007c0000000, 0x00000007c0000000)
 concurrent-mark-sweep perm gen total 1048576K, used 177609K [0x00000007c0000000, 0x0000000800000000, 0x0000000800000000)
2017-05-31T16:35:10.851+0200: 118.882: [GC2017-05-31T16:35:10.851+0200: 118.882: [ParNew
Desired survivor size 131366912 bytes, new threshold 6 (max 6)
- age   1:   41118264 bytes,   41118264 total
- age   2:   15903608 bytes,   57021872 total
- age   3:   33207520 bytes,   90229392 total
- age   4:    7578408 bytes,   97807800 total
- age   5:    9926488 bytes,  107734288 total
: 2159268K->125870K(2309568K), 0.0792430 secs] 2305635K->272238K(4875712K), 0.0794200 secs] [Times: user=0.25 sys=0.00, real=0.08 secs] 
Heap after GC invocations=12 (full 1):
 par new generation   total 2309568K, used 125870K [0x0000000686c00000, 0x0000000723600000, 0x0000000723600000)
  eden space 2052992K,   0% used [0x0000000686c00000, 0x0000000686c00000, 0x00000007040e0000)
  from space 256576K,  49% used [0x0000000713b70000, 0x000000071b65bbf8, 0x0000000723600000)
  to   space 256576K,   0% used [0x00000007040e0000, 0x00000007040e0000, 0x0000000713b70000)
 concurrent mark-sweep generation total 2566144K, used 146367K [0x0000000723600000, 0x00000007c0000000, 0x00000007c0000000)
 concurrent-mark-sweep perm gen total 1048576K, used 177609K [0x00000007c0000000, 0x0000000800000000, 0x0000000800000000)
}
{Heap before GC invocations=12 (full 1):
 par new generation   total 2309568K, used 2178862K [0x0000000686c00000, 0x0000000723600000, 0x0000000723600000)
  eden space 2052992K, 100% used [0x0000000686c00000, 0x00000007040e0000, 0x00000007040e0000)
  from space 256576K,  49% used [0x0000000713b70000, 0x000000071b65bbf8, 0x0000000723600000)
  to   space 256576K,   0% used [0x00000007040e0000, 0x00000007040e0000, 0x0000000713b70000)
 concurrent mark-sweep generation total 2566144K, used 146367K [0x0000000723600000, 0x00000007c0000000, 0x00000007c0000000)
 concurrent-mark-sweep perm gen total 1048576K, used 183371K [0x00000007c0000000, 0x0000000800000000, 0x0000000800000000)
2017-05-31T16:35:16.883+0200: 124.914: [GC2017-05-31T16:35:16.883+0200: 124.914: [ParNew
Desired survivor size 131366912 bytes, new threshold 6 (max 6)
- age   1:   51841776 bytes,   51841776 total
- age   2:    6271960 bytes,   58113736 total
- age   3:   15861560 bytes,   73975296 total
- age   4:   33191880 bytes,  107167176 total
- age   5:    7576952 bytes,  114744128 total
- age   6:    9926304 bytes,  124670432 total
: 2178862K->138909K(2309568K), 0.0838140 secs] 2325230K->285277K(4875712K), 0.0839780 secs] [Times: user=0.28 sys=0.00, real=0.09 secs] 
Heap after GC invocations=13 (full 1):
 par new generation   total 2309568K, used 138909K [0x0000000686c00000, 0x0000000723600000, 0x0000000723600000)
  eden space 2052992K,   0% used [0x0000000686c00000, 0x0000000686c00000, 0x00000007040e0000)
  from space 256576K,  54% used [0x00000007040e0000, 0x000000070c8877a0, 0x0000000713b70000)
  to   space 256576K,   0% used [0x0000000713b70000, 0x0000000713b70000, 0x0000000723600000)
 concurrent mark-sweep generation total 2566144K, used 146367K [0x0000000723600000, 0x00000007c0000000, 0x00000007c0000000)
 concurrent-mark-sweep perm gen total 1048576K, used 183371K [0x00000007c0000000, 0x0000000800000000, 0x0000000800000000)
}
{Heap before GC invocations=13 (full 1):
 par new generation   total 2309568K, used 2191901K [0x0000000686c00000, 0x0000000723600000, 0x0000000723600000)
  eden space 2052992K, 100% used [0x0000000686c00000, 0x00000007040e0000, 0x00000007040e0000)
  from space 256576K,  54% used [0x00000007040e0000, 0x000000070c8877a0, 0x0000000713b70000)
  to   space 256576K,   0% used [0x0000000713b70000, 0x0000000713b70000, 0x0000000723600000)
 concurrent mark-sweep generation total 2566144K, used 146367K [0x0000000723600000, 0x00000007c0000000, 0x00000007c0000000)
 concurrent-mark-sweep perm gen total 1048576K, used 186167K [0x00000007c0000000, 0x0000000800000000, 0x0000000800000000)
2017-05-31T16:35:22.510+0200: 130.541: [GC2017-05-31T16:35:22.510+0200: 130.541: [ParNew
Desired survivor size 131366912 bytes, new threshold 6 (max 6)
- age   1:   39782728 bytes,   39782728 total
- age   2:   15468440 bytes,   55251168 total
- age   3:    6190528 bytes,   61441696 total
- age   4:   15847888 bytes,   77289584 total
- age   5:   33176080 bytes,  110465664 total
- age   6:    7572944 bytes,  118038608 total
: 2191901K->152415K(2309568K), 0.1141080 secs] 2338269K->309427K(4875712K), 0.1142520 secs] [Times: user=0.39 sys=0.00, real=0.11 secs] 
Heap after GC invocations=14 (full 1):
 par new generation   total 2309568K, used 152415K [0x0000000686c00000, 0x0000000723600000, 0x0000000723600000)
  eden space 2052992K,   0% used [0x0000000686c00000, 0x0000000686c00000, 0x00000007040e0000)
  from space 256576K,  59% used [0x0000000713b70000, 0x000000071d047d68, 0x0000000723600000)
  to   space 256576K,   0% used [0x00000007040e0000, 0x00000007040e0000, 0x0000000713b70000)
 concurrent mark-sweep generation total 2566144K, used 157012K [0x0000000723600000, 0x00000007c0000000, 0x00000007c0000000)
 concurrent-mark-sweep perm gen total 1048576K, used 186167K [0x00000007c0000000, 0x0000000800000000, 0x0000000800000000)
}
{Heap before GC invocations=14 (full 1):
 par new generation   total 2309568K, used 2205407K [0x0000000686c00000, 0x0000000723600000, 0x0000000723600000)
  eden space 2052992K, 100% used [0x0000000686c00000, 0x00000007040e0000, 0x00000007040e0000)
  from space 256576K,  59% used [0x0000000713b70000, 0x000000071d047d68, 0x0000000723600000)
  to   space 256576K,   0% used [0x00000007040e0000, 0x00000007040e0000, 0x0000000713b70000)
 concurrent mark-sweep generation total 2566144K, used 157012K [0x0000000723600000, 0x00000007c0000000, 0x00000007c0000000)
 concurrent-mark-sweep perm gen total 1048576K, used 195511K [0x00000007c0000000, 0x0000000800000000, 0x0000000800000000)
2017-05-31T16:35:27.625+0200: 135.656: [GC2017-05-31T16:35:27.625+0200: 135.656: [ParNew
Desired survivor size 131366912 bytes, new threshold 6 (max 6)
- age   1:   38888096 bytes,   38888096 total
- age   2:   10086448 bytes,   48974544 total
- age   3:   15326432 bytes,   64300976 total
- age   4:    6172728 bytes,   70473704 total
- age   5:   15794872 bytes,   86268576 total
- age   6:   33170016 bytes,  119438592 total
: 2205407K->137015K(2309568K), 0.0982500 secs] 2362419K->301673K(4875712K), 0.0984350 secs] [Times: user=0.32 sys=0.00, real=0.10 secs] 
Heap after GC invocations=15 (full 1):
 par new generation   total 2309568K, used 137015K [0x0000000686c00000, 0x0000000723600000, 0x0000000723600000)
  eden space 2052992K,   0% used [0x0000000686c00000, 0x0000000686c00000, 0x00000007040e0000)
  from space 256576K,  53% used [0x00000007040e0000, 0x000000070c6adf48, 0x0000000713b70000)
  to   space 256576K,   0% used [0x0000000713b70000, 0x0000000713b70000, 0x0000000723600000)
 concurrent mark-sweep generation total 2566144K, used 164657K [0x0000000723600000, 0x00000007c0000000, 0x00000007c0000000)
 concurrent-mark-sweep perm gen total 1048576K, used 195511K [0x00000007c0000000, 0x0000000800000000, 0x0000000800000000)
}
{Heap before GC invocations=15 (full 1):
 par new generation   total 2309568K, used 2190007K [0x0000000686c00000, 0x0000000723600000, 0x0000000723600000)
  eden space 2052992K, 100% used [0x0000000686c00000, 0x00000007040e0000, 0x00000007040e0000)
  from space 256576K,  53% used [0x00000007040e0000, 0x000000070c6adf48, 0x0000000713b70000)
  to   space 256576K,   0% used [0x0000000713b70000, 0x0000000713b70000, 0x0000000723600000)
 concurrent mark-sweep generation total 2566144K, used 164657K [0x0000000723600000, 0x00000007c0000000, 0x00000007c0000000)
 concurrent-mark-sweep perm gen total 1048576K, used 198189K [0x00000007c0000000, 0x0000000800000000, 0x0000000800000000)
2017-05-31T16:35:33.245+0200: 141.277: [GC2017-05-31T16:35:33.245+0200: 141.277: [ParNew
Desired survivor size 131366912 bytes, new threshold 6 (max 6)
- age   1:   37146528 bytes,   37146528 total
- age   2:    8090640 bytes,   45237168 total
- age   3:    9697432 bytes,   54934600 total
- age   4:   15312024 bytes,   70246624 total
- age   5:    6135760 bytes,   76382384 total
- age   6:   15790240 bytes,   92172624 total
: 2190007K->132161K(2309568K), 0.1064580 secs] 2354665K->333121K(4875712K), 0.1066150 secs] [Times: user=0.36 sys=0.00, real=0.11 secs] 
Heap after GC invocations=16 (full 1):
 par new generation   total 2309568K, used 132161K [0x0000000686c00000, 0x0000000723600000, 0x0000000723600000)
  eden space 2052992K,   0% used [0x0000000686c00000, 0x0000000686c00000, 0x00000007040e0000)
  from space 256576K,  51% used [0x0000000713b70000, 0x000000071bc80518, 0x0000000723600000)
  to   space 256576K,   0% used [0x00000007040e0000, 0x00000007040e0000, 0x0000000713b70000)
 concurrent mark-sweep generation total 2566144K, used 200959K [0x0000000723600000, 0x00000007c0000000, 0x00000007c0000000)
 concurrent-mark-sweep perm gen total 1048576K, used 198189K [0x00000007c0000000, 0x0000000800000000, 0x0000000800000000)
}
{Heap before GC invocations=16 (full 1):
 par new generation   total 2309568K, used 2185153K [0x0000000686c00000, 0x0000000723600000, 0x0000000723600000)
  eden space 2052992K, 100% used [0x0000000686c00000, 0x00000007040e0000, 0x00000007040e0000)
  from space 256576K,  51% used [0x0000000713b70000, 0x000000071bc80518, 0x0000000723600000)
  to   space 256576K,   0% used [0x00000007040e0000, 0x00000007040e0000, 0x0000000713b70000)
 concurrent mark-sweep generation total 2566144K, used 200959K [0x0000000723600000, 0x00000007c0000000, 0x00000007c0000000)
 concurrent-mark-sweep perm gen total 1048576K, used 206648K [0x00000007c0000000, 0x0000000800000000, 0x0000000800000000)
2017-05-31T16:35:38.798+0200: 146.829: [GC2017-05-31T16:35:38.798+0200: 146.829: [ParNew
Desired survivor size 131366912 bytes, new threshold 6 (max 6)
- age   1:   38206800 bytes,   38206800 total
- age   2:   12381592 bytes,   50588392 total
- age   3:    7902336 bytes,   58490728 total
- age   4:    9653336 bytes,   68144064 total
- age   5:   15307984 bytes,   83452048 total
- age   6:    6100360 bytes,   89552408 total
: 2185153K->113267K(2309568K), 0.0882360 secs] 2386113K->330820K(4875712K), 0.0883840 secs] [Times: user=0.29 sys=0.00, real=0.09 secs] 
Heap after GC invocations=17 (full 1):
 par new generation   total 2309568K, used 113267K [0x0000000686c00000, 0x0000000723600000, 0x0000000723600000)
  eden space 2052992K,   0% used [0x0000000686c00000, 0x0000000686c00000, 0x00000007040e0000)
  from space 256576K,  44% used [0x00000007040e0000, 0x000000070af7ccb0, 0x0000000713b70000)
  to   space 256576K,   0% used [0x0000000713b70000, 0x0000000713b70000, 0x0000000723600000)
 concurrent mark-sweep generation total 2566144K, used 217553K [0x0000000723600000, 0x00000007c0000000, 0x00000007c0000000)
 concurrent-mark-sweep perm gen total 1048576K, used 206648K [0x00000007c0000000, 0x0000000800000000, 0x0000000800000000)
}
{Heap before GC invocations=17 (full 1):
 par new generation   total 2309568K, used 2166259K [0x0000000686c00000, 0x0000000723600000, 0x0000000723600000)
  eden space 2052992K, 100% used [0x0000000686c00000, 0x00000007040e0000, 0x00000007040e0000)
  from space 256576K,  44% used [0x00000007040e0000, 0x000000070af7ccb0, 0x0000000713b70000)
  to   space 256576K,   0% used [0x0000000713b70000, 0x0000000713b70000, 0x0000000723600000)
 concurrent mark-sweep generation total 2566144K, used 217553K [0x0000000723600000, 0x00000007c0000000, 0x00000007c0000000)
 concurrent-mark-sweep perm gen total 1048576K, used 208253K [0x00000007c0000000, 0x0000000800000000, 0x0000000800000000)
2017-05-31T16:35:44.144+0200: 152.175: [GC2017-05-31T16:35:44.144+0200: 152.175: [ParNew
Desired survivor size 131366912 bytes, new threshold 6 (max 6)
- age   1:   31863136 bytes,   31863136 total
- age   2:   13202920 bytes,   45066056 total
- age   3:   12024328 bytes,   57090384 total
- age   4:    7826696 bytes,   64917080 total
- age   5:    9634104 bytes,   74551184 total
- age   6:   15289816 bytes,   89841000 total
: 2166259K->140677K(2309568K), 0.0861410 secs] 2383812K->363415K(4875712K), 0.0862940 secs] [Times: user=0.31 sys=0.00, real=0.09 secs] 
Heap after GC invocations=18 (full 1):
 par new generation   total 2309568K, used 140677K [0x0000000686c00000, 0x0000000723600000, 0x0000000723600000)
  eden space 2052992K,   0% used [0x0000000686c00000, 0x0000000686c00000, 0x00000007040e0000)
  from space 256576K,  54% used [0x0000000713b70000, 0x000000071c4d1490, 0x0000000723600000)
  to   space 256576K,   0% used [0x00000007040e0000, 0x00000007040e0000, 0x0000000713b70000)
 concurrent mark-sweep generation total 2566144K, used 222737K [0x0000000723600000, 0x00000007c0000000, 0x00000007c0000000)
 concurrent-mark-sweep perm gen total 1048576K, used 208253K [0x00000007c0000000, 0x0000000800000000, 0x0000000800000000)
}
{Heap before GC invocations=18 (full 1):
 par new generation   total 2309568K, used 2193669K [0x0000000686c00000, 0x0000000723600000, 0x0000000723600000)
  eden space 2052992K, 100% used [0x0000000686c00000, 0x00000007040e0000, 0x00000007040e0000)
  from space 256576K,  54% used [0x0000000713b70000, 0x000000071c4d1490, 0x0000000723600000)
  to   space 256576K,   0% used [0x00000007040e0000, 0x00000007040e0000, 0x0000000713b70000)
 concurrent mark-sweep generation total 2566144K, used 222737K [0x0000000723600000, 0x00000007c0000000, 0x00000007c0000000)
 concurrent-mark-sweep perm gen total 1048576K, used 218643K [0x00000007c0000000, 0x0000000800000000, 0x0000000800000000)
2017-05-31T16:35:48.527+0200: 156.558: [GC2017-05-31T16:35:48.527+0200: 156.558: [ParNew
Desired survivor size 131366912 bytes, new threshold 6 (max 6)
- age   1:   42897120 bytes,   42897120 total
- age   2:   22353496 bytes,   65250616 total
- age   3:   13066848 bytes,   78317464 total
- age   4:   12002856 bytes,   90320320 total
- age   5:    7813496 bytes,   98133816 total
- age   6:    9624120 bytes,  107757936 total
: 2193669K->123318K(2309568K), 0.0988560 secs] 2416407K->361227K(4875712K), 0.0989970 secs] [Times: user=0.32 sys=0.00, real=0.10 secs] 
Heap after GC invocations=19 (full 1):
 par new generation   total 2309568K, used 123318K [0x0000000686c00000, 0x0000000723600000, 0x0000000723600000)
  eden space 2052992K,   0% used [0x0000000686c00000, 0x0000000686c00000, 0x00000007040e0000)
  from space 256576K,  48% used [0x00000007040e0000, 0x000000070b94d818, 0x0000000713b70000)
  to   space 256576K,   0% used [0x0000000713b70000, 0x0000000713b70000, 0x0000000723600000)
 concurrent mark-sweep generation total 2566144K, used 237909K [0x0000000723600000, 0x00000007c0000000, 0x00000007c0000000)
 concurrent-mark-sweep perm gen total 1048576K, used 218643K [0x00000007c0000000, 0x0000000800000000, 0x0000000800000000)
}
{Heap before GC invocations=19 (full 1):
 par new generation   total 2309568K, used 2176310K [0x0000000686c00000, 0x0000000723600000, 0x0000000723600000)
  eden space 2052992K, 100% used [0x0000000686c00000, 0x00000007040e0000, 0x00000007040e0000)
  from space 256576K,  48% used [0x00000007040e0000, 0x000000070b94d818, 0x0000000713b70000)
  to   space 256576K,   0% used [0x0000000713b70000, 0x0000000713b70000, 0x0000000723600000)
 concurrent mark-sweep generation total 2566144K, used 237909K [0x0000000723600000, 0x00000007c0000000, 0x00000007c0000000)
 concurrent-mark-sweep perm gen total 1048576K, used 228327K [0x00000007c0000000, 0x0000000800000000, 0x0000000800000000)
2017-05-31T16:35:53.126+0200: 161.158: [GC2017-05-31T16:35:53.127+0200: 161.158: [ParNew
Desired survivor size 131366912 bytes, new threshold 6 (max 6)
- age   1:   26238728 bytes,   26238728 total
- age   2:   10124752 bytes,   36363480 total
- age   3:   22260992 bytes,   58624472 total
- age   4:   13065736 bytes,   71690208 total
- age   5:   12002360 bytes,   83692568 total
- age   6:    7813416 bytes,   91505984 total
: 2176310K->113155K(2309568K), 0.0883080 secs] 2414219K->360597K(4875712K), 0.0884900 secs] [Times: user=0.30 sys=0.00, real=0.09 secs] 
Heap after GC invocations=20 (full 1):
 par new generation   total 2309568K, used 113155K [0x0000000686c00000, 0x0000000723600000, 0x0000000723600000)
  eden space 2052992K,   0% used [0x0000000686c00000, 0x0000000686c00000, 0x00000007040e0000)
  from space 256576K,  44% used [0x0000000713b70000, 0x000000071a9f0f88, 0x0000000723600000)
  to   space 256576K,   0% used [0x00000007040e0000, 0x00000007040e0000, 0x0000000713b70000)
 concurrent mark-sweep generation total 2566144K, used 247441K [0x0000000723600000, 0x00000007c0000000, 0x00000007c0000000)
 concurrent-mark-sweep perm gen total 1048576K, used 228327K [0x00000007c0000000, 0x0000000800000000, 0x0000000800000000)
}
{Heap before GC invocations=20 (full 1):
 par new generation   total 2309568K, used 2166147K [0x0000000686c00000, 0x0000000723600000, 0x0000000723600000)
  eden space 2052992K, 100% used [0x0000000686c00000, 0x00000007040e0000, 0x00000007040e0000)
  from space 256576K,  44% used [0x0000000713b70000, 0x000000071a9f0f88, 0x0000000723600000)
  to   space 256576K,   0% used [0x00000007040e0000, 0x00000007040e0000, 0x0000000713b70000)
 concurrent mark-sweep generation total 2566144K, used 247441K [0x0000000723600000, 0x00000007c0000000, 0x00000007c0000000)
 concurrent-mark-sweep perm gen total 1048576K, used 228933K [0x00000007c0000000, 0x0000000800000000, 0x0000000800000000)
2017-05-31T16:35:54.861+0200: 162.892: [GC2017-05-31T16:35:54.861+0200: 162.892: [ParNew
Desired survivor size 131366912 bytes, new threshold 6 (max 6)
- age   1:    9973808 bytes,    9973808 total
- age   2:    9814960 bytes,   19788768 total
- age   3:   10124440 bytes,   29913208 total
- age   4:   22260168 bytes,   52173376 total
- age   5:   13065736 bytes,   65239112 total
- age   6:   12002360 bytes,   77241472 total
: 2166147K->112232K(2309568K), 0.0683710 secs] 2413589K->367410K(4875712K), 0.0685470 secs] [Times: user=0.24 sys=0.00, real=0.06 secs] 
Heap after GC invocations=21 (full 1):
 par new generation   total 2309568K, used 112232K [0x0000000686c00000, 0x0000000723600000, 0x0000000723600000)
  eden space 2052992K,   0% used [0x0000000686c00000, 0x0000000686c00000, 0x00000007040e0000)
  from space 256576K,  43% used [0x00000007040e0000, 0x000000070ae7a308, 0x0000000713b70000)
  to   space 256576K,   0% used [0x0000000713b70000, 0x0000000713b70000, 0x0000000723600000)
 concurrent mark-sweep generation total 2566144K, used 255177K [0x0000000723600000, 0x00000007c0000000, 0x00000007c0000000)
 concurrent-mark-sweep perm gen total 1048576K, used 228933K [0x00000007c0000000, 0x0000000800000000, 0x0000000800000000)
}
{Heap before GC invocations=21 (full 1):
 par new generation   total 2309568K, used 2165224K [0x0000000686c00000, 0x0000000723600000, 0x0000000723600000)
  eden space 2052992K, 100% used [0x0000000686c00000, 0x00000007040e0000, 0x00000007040e0000)
  from space 256576K,  43% used [0x00000007040e0000, 0x000000070ae7a308, 0x0000000713b70000)
  to   space 256576K,   0% used [0x0000000713b70000, 0x0000000713b70000, 0x0000000723600000)
 concurrent mark-sweep generation total 2566144K, used 255177K [0x0000000723600000, 0x00000007c0000000, 0x00000007c0000000)
 concurrent-mark-sweep perm gen total 1048576K, used 228961K [0x00000007c0000000, 0x0000000800000000, 0x0000000800000000)
2017-05-31T16:35:55.753+0200: 163.784: [GC2017-05-31T16:35:55.753+0200: 163.784: [ParNew
Desired survivor size 131366912 bytes, new threshold 6 (max 6)
- age   1:    7877896 bytes,    7877896 total
- age   2:    3747528 bytes,   11625424 total
- age   3:    9782112 bytes,   21407536 total
- age   4:   10124440 bytes,   31531976 total
- age   5:   22260168 bytes,   53792144 total
- age   6:   13065736 bytes,   66857880 total
: 2165224K->74718K(2309568K), 0.0613400 secs] 2420402K->341763K(4875712K), 0.0614890 secs] [Times: user=0.23 sys=0.00, real=0.06 secs] 
Heap after GC invocations=22 (full 1):
 par new generation   total 2309568K, used 74718K [0x0000000686c00000, 0x0000000723600000, 0x0000000723600000)
  eden space 2052992K,   0% used [0x0000000686c00000, 0x0000000686c00000, 0x00000007040e0000)
  from space 256576K,  29% used [0x0000000713b70000, 0x00000007184678e0, 0x0000000723600000)
  to   space 256576K,   0% used [0x00000007040e0000, 0x00000007040e0000, 0x0000000713b70000)
 concurrent mark-sweep generation total 2566144K, used 267045K [0x0000000723600000, 0x00000007c0000000, 0x00000007c0000000)
 concurrent-mark-sweep perm gen total 1048576K, used 228961K [0x00000007c0000000, 0x0000000800000000, 0x0000000800000000)
}
{Heap before GC invocations=22 (full 1):
 par new generation   total 2309568K, used 2127710K [0x0000000686c00000, 0x0000000723600000, 0x0000000723600000)
  eden space 2052992K, 100% used [0x0000000686c00000, 0x00000007040e0000, 0x00000007040e0000)
  from space 256576K,  29% used [0x0000000713b70000, 0x00000007184678e0, 0x0000000723600000)
  to   space 256576K,   0% used [0x00000007040e0000, 0x00000007040e0000, 0x0000000713b70000)
 concurrent mark-sweep generation total 2566144K, used 267045K [0x0000000723600000, 0x00000007c0000000, 0x00000007c0000000)
 concurrent-mark-sweep perm gen total 1048576K, used 229030K [0x00000007c0000000, 0x0000000800000000, 0x0000000800000000)
2017-05-31T16:35:56.545+0200: 164.576: [GC2017-05-31T16:35:56.545+0200: 164.576: [ParNew
Desired survivor size 131366912 bytes, new threshold 6 (max 6)
- age   1:    7586864 bytes,    7586864 total
- age   2:    4226296 bytes,   11813160 total
- age   3:    3695936 bytes,   15509096 total
- age   4:    9759288 bytes,   25268384 total
- age   5:   10124440 bytes,   35392824 total
- age   6:   22260168 bytes,   57652992 total
: 2127710K->101521K(2309568K), 0.0633790 secs] 2394755K->381550K(4875712K), 0.0635550 secs] [Times: user=0.20 sys=0.00, real=0.06 secs] 
Heap after GC invocations=23 (full 1):
 par new generation   total 2309568K, used 101521K [0x0000000686c00000, 0x0000000723600000, 0x0000000723600000)
  eden space 2052992K,   0% used [0x0000000686c00000, 0x0000000686c00000, 0x00000007040e0000)
  from space 256576K,  39% used [0x00000007040e0000, 0x000000070a4046d8, 0x0000000713b70000)
  to   space 256576K,   0% used [0x0000000713b70000, 0x0000000713b70000, 0x0000000723600000)
 concurrent mark-sweep generation total 2566144K, used 280028K [0x0000000723600000, 0x00000007c0000000, 0x00000007c0000000)
 concurrent-mark-sweep perm gen total 1048576K, used 229030K [0x00000007c0000000, 0x0000000800000000, 0x0000000800000000)
}
{Heap before GC invocations=23 (full 1):
 par new generation   total 2309568K, used 2154513K [0x0000000686c00000, 0x0000000723600000, 0x0000000723600000)
  eden space 2052992K, 100% used [0x0000000686c00000, 0x00000007040e0000, 0x00000007040e0000)
  from space 256576K,  39% used [0x00000007040e0000, 0x000000070a4046d8, 0x0000000713b70000)
  to   space 256576K,   0% used [0x0000000713b70000, 0x0000000713b70000, 0x0000000723600000)
 concurrent mark-sweep generation total 2566144K, used 280028K [0x0000000723600000, 0x00000007c0000000, 0x00000007c0000000)
 concurrent-mark-sweep perm gen total 1048576K, used 229177K [0x00000007c0000000, 0x0000000800000000, 0x0000000800000000)
2017-05-31T16:35:59.005+0200: 167.036: [GC2017-05-31T16:35:59.005+0200: 167.036: [ParNew
Desired survivor size 131366912 bytes, new threshold 6 (max 6)
- age   1:   93498304 bytes,   93498304 total
- age   2:    3035888 bytes,   96534192 total
- age   3:    3875384 bytes,  100409576 total
- age   4:    3475168 bytes,  103884744 total
- age   5:    9709952 bytes,  113594696 total
- age   6:   10120888 bytes,  123715584 total
: 2154513K->135188K(2309568K), 0.1140540 secs] 2434542K->439579K(4875712K), 0.1142290 secs] [Times: user=0.37 sys=0.00, real=0.11 secs] 
Heap after GC invocations=24 (full 1):
 par new generation   total 2309568K, used 135188K [0x0000000686c00000, 0x0000000723600000, 0x0000000723600000)
  eden space 2052992K,   0% used [0x0000000686c00000, 0x0000000686c00000, 0x00000007040e0000)
  from space 256576K,  52% used [0x0000000713b70000, 0x000000071bf75250, 0x0000000723600000)
  to   space 256576K,   0% used [0x00000007040e0000, 0x00000007040e0000, 0x0000000713b70000)
 concurrent mark-sweep generation total 2566144K, used 304390K [0x0000000723600000, 0x00000007c0000000, 0x00000007c0000000)
 concurrent-mark-sweep perm gen total 1048576K, used 229177K [0x00000007c0000000, 0x0000000800000000, 0x0000000800000000)
}
{Heap before GC invocations=24 (full 1):
 par new generation   total 2309568K, used 2188180K [0x0000000686c00000, 0x0000000723600000, 0x0000000723600000)
  eden space 2052992K, 100% used [0x0000000686c00000, 0x00000007040e0000, 0x00000007040e0000)
  from space 256576K,  52% used [0x0000000713b70000, 0x000000071bf75250, 0x0000000723600000)
  to   space 256576K,   0% used [0x00000007040e0000, 0x00000007040e0000, 0x0000000713b70000)
 concurrent mark-sweep generation total 2566144K, used 304390K [0x0000000723600000, 0x00000007c0000000, 0x00000007c0000000)
 concurrent-mark-sweep perm gen total 1048576K, used 229181K [0x00000007c0000000, 0x0000000800000000, 0x0000000800000000)
2017-05-31T16:35:59.806+0200: 167.837: [GC2017-05-31T16:35:59.806+0200: 167.837: [ParNew
Desired survivor size 131366912 bytes, new threshold 6 (max 6)
- age   1:    8335080 bytes,    8335080 total
- age   2:   84955088 bytes,   93290168 total
- age   3:    3034928 bytes,   96325096 total
- age   4:    3875152 bytes,  100200248 total
- age   5:    3475072 bytes,  103675320 total
- age   6:    9658376 bytes,  113333696 total
: 2188180K->147734K(2309568K), 0.0776420 secs] 2492571K->462154K(4875712K), 0.0778440 secs] [Times: user=0.30 sys=0.00, real=0.08 secs] 
Heap after GC invocations=25 (full 1):
 par new generation   total 2309568K, used 147734K [0x0000000686c00000, 0x0000000723600000, 0x0000000723600000)
  eden space 2052992K,   0% used [0x0000000686c00000, 0x0000000686c00000, 0x00000007040e0000)
  from space 256576K,  57% used [0x00000007040e0000, 0x000000070d1259b0, 0x0000000713b70000)
  to   space 256576K,   0% used [0x0000000713b70000, 0x0000000713b70000, 0x0000000723600000)
 concurrent mark-sweep generation total 2566144K, used 314420K [0x0000000723600000, 0x00000007c0000000, 0x00000007c0000000)
 concurrent-mark-sweep perm gen total 1048576K, used 229181K [0x00000007c0000000, 0x0000000800000000, 0x0000000800000000)
}
{Heap before GC invocations=25 (full 1):
 par new generation   total 2309568K, used 2200726K [0x0000000686c00000, 0x0000000723600000, 0x0000000723600000)
  eden space 2052992K, 100% used [0x0000000686c00000, 0x00000007040e0000, 0x00000007040e0000)
  from space 256576K,  57% used [0x00000007040e0000, 0x000000070d1259b0, 0x0000000713b70000)
  to   space 256576K,   0% used [0x0000000713b70000, 0x0000000713b70000, 0x0000000723600000)
 concurrent mark-sweep generation total 2566144K, used 314420K [0x0000000723600000, 0x00000007c0000000, 0x00000007c0000000)
 concurrent-mark-sweep perm gen total 1048576K, used 229184K [0x00000007c0000000, 0x0000000800000000, 0x0000000800000000)
2017-05-31T16:36:00.625+0200: 168.656: [GC2017-05-31T16:36:00.625+0200: 168.656: [ParNew
Desired survivor size 131366912 bytes, new threshold 6 (max 6)
- age   1:    8815920 bytes,    8815920 total
- age   2:    4804976 bytes,   13620896 total
- age   3:   84926008 bytes,   98546904 total
- age   4:    3034928 bytes,  101581832 total
- age   5:    3874512 bytes,  105456344 total
- age   6:    3475072 bytes,  108931416 total
: 2200726K->134538K(2309568K), 0.0658860 secs] 2515146K->458471K(4875712K), 0.0660380 secs] [Times: user=0.25 sys=0.00, real=0.06 secs] 
Heap after GC invocations=26 (full 1):
 par new generation   total 2309568K, used 134538K [0x0000000686c00000, 0x0000000723600000, 0x0000000723600000)
  eden space 2052992K,   0% used [0x0000000686c00000, 0x0000000686c00000, 0x00000007040e0000)
  from space 256576K,  52% used [0x0000000713b70000, 0x000000071bed2968, 0x0000000723600000)
  to   space 256576K,   0% used [0x00000007040e0000, 0x00000007040e0000, 0x0000000713b70000)
 concurrent mark-sweep generation total 2566144K, used 323933K [0x0000000723600000, 0x00000007c0000000, 0x00000007c0000000)
 concurrent-mark-sweep perm gen total 1048576K, used 229184K [0x00000007c0000000, 0x0000000800000000, 0x0000000800000000)
}
{Heap before GC invocations=26 (full 1):
 par new generation   total 2309568K, used 2187530K [0x0000000686c00000, 0x0000000723600000, 0x0000000723600000)
  eden space 2052992K, 100% used [0x0000000686c00000, 0x00000007040e0000, 0x00000007040e0000)
  from space 256576K,  52% used [0x0000000713b70000, 0x000000071bed2968, 0x0000000723600000)
  to   space 256576K,   0% used [0x00000007040e0000, 0x00000007040e0000, 0x0000000713b70000)
 concurrent mark-sweep generation total 2566144K, used 323933K [0x0000000723600000, 0x00000007c0000000, 0x00000007c0000000)
 concurrent-mark-sweep perm gen total 1048576K, used 229311K [0x00000007c0000000, 0x0000000800000000, 0x0000000800000000)
2017-05-31T16:36:02.765+0200: 170.796: [GC2017-05-31T16:36:02.765+0200: 170.796: [ParNew
Desired survivor size 131366912 bytes, new threshold 4 (max 6)
- age   1:   79477408 bytes,   79477408 total
- age   2:    3482112 bytes,   82959520 total
- age   3:    4428696 bytes,   87388216 total
- age   4:   84802904 bytes,  172191120 total
- age   5:    3034864 bytes,  175225984 total
- age   6:    3874448 bytes,  179100432 total
: 2187530K->215536K(2309568K), 0.0921400 secs] 2511463K->542866K(4875712K), 0.0923120 secs] [Times: user=0.35 sys=0.00, real=0.09 secs] 
Heap after GC invocations=27 (full 1):
 par new generation   total 2309568K, used 215536K [0x0000000686c00000, 0x0000000723600000, 0x0000000723600000)
  eden space 2052992K,   0% used [0x0000000686c00000, 0x0000000686c00000, 0x00000007040e0000)
  from space 256576K,  84% used [0x00000007040e0000, 0x000000071135c160, 0x0000000713b70000)
  to   space 256576K,   0% used [0x0000000713b70000, 0x0000000713b70000, 0x0000000723600000)
 concurrent mark-sweep generation total 2566144K, used 327329K [0x0000000723600000, 0x00000007c0000000, 0x00000007c0000000)
 concurrent-mark-sweep perm gen total 1048576K, used 229311K [0x00000007c0000000, 0x0000000800000000, 0x0000000800000000)
}
{Heap before GC invocations=27 (full 1):
 par new generation   total 2309568K, used 2268528K [0x0000000686c00000, 0x0000000723600000, 0x0000000723600000)
  eden space 2052992K, 100% used [0x0000000686c00000, 0x00000007040e0000, 0x00000007040e0000)
  from space 256576K,  84% used [0x00000007040e0000, 0x000000071135c160, 0x0000000713b70000)
  to   space 256576K,   0% used [0x0000000713b70000, 0x0000000713b70000, 0x0000000723600000)
 concurrent mark-sweep generation total 2566144K, used 327329K [0x0000000723600000, 0x00000007c0000000, 0x00000007c0000000)
 concurrent-mark-sweep perm gen total 1048576K, used 229322K [0x00000007c0000000, 0x0000000800000000, 0x0000000800000000)
2017-05-31T16:36:03.636+0200: 171.667: [GC2017-05-31T16:36:03.636+0200: 171.667: [ParNew
Desired survivor size 131366912 bytes, new threshold 6 (max 6)
- age   1:   11065024 bytes,   11065024 total
- age   2:   74347128 bytes,   85412152 total
- age   3:    3481552 bytes,   88893704 total
- age   4:    4428464 bytes,   93322168 total
: 2268528K->156233K(2309568K), 0.1396010 secs] 2595858K->580347K(4875712K), 0.1397710 secs] [Times: user=0.46 sys=0.01, real=0.14 secs] 
Heap after GC invocations=28 (full 1):
 par new generation   total 2309568K, used 156233K [0x0000000686c00000, 0x0000000723600000, 0x0000000723600000)
  eden space 2052992K,   0% used [0x0000000686c00000, 0x0000000686c00000, 0x00000007040e0000)
  from space 256576K,  60% used [0x0000000713b70000, 0x000000071d4025e0, 0x0000000723600000)
  to   space 256576K,   0% used [0x00000007040e0000, 0x00000007040e0000, 0x0000000713b70000)
 concurrent mark-sweep generation total 2566144K, used 424113K [0x0000000723600000, 0x00000007c0000000, 0x00000007c0000000)
 concurrent-mark-sweep perm gen total 1048576K, used 229322K [0x00000007c0000000, 0x0000000800000000, 0x0000000800000000)
}
{Heap before GC invocations=28 (full 1):
 par new generation   total 2309568K, used 2209225K [0x0000000686c00000, 0x0000000723600000, 0x0000000723600000)
  eden space 2052992K, 100% used [0x0000000686c00000, 0x00000007040e0000, 0x00000007040e0000)
  from space 256576K,  60% used [0x0000000713b70000, 0x000000071d4025e0, 0x0000000723600000)
  to   space 256576K,   0% used [0x00000007040e0000, 0x00000007040e0000, 0x0000000713b70000)
 concurrent mark-sweep generation total 2566144K, used 424113K [0x0000000723600000, 0x00000007c0000000, 0x00000007c0000000)
 concurrent-mark-sweep perm gen total 1048576K, used 229453K [0x00000007c0000000, 0x0000000800000000, 0x0000000800000000)
2017-05-31T16:36:10.386+0200: 178.418: [GC2017-05-31T16:36:10.386+0200: 178.418: [ParNew
Desired survivor size 131366912 bytes, new threshold 3 (max 6)
- age   1:   63693080 bytes,   63693080 total
- age   2:    4303352 bytes,   67996432 total
- age   3:   74175016 bytes,  142171448 total
- age   4:    3481552 bytes,  145653000 total
- age   5:    4383600 bytes,  150036600 total
: 2209225K->185560K(2309568K), 0.1369370 secs] 2633339K->609674K(4875712K), 0.1371190 secs] [Times: user=0.34 sys=0.00, real=0.14 secs] 
Heap after GC invocations=29 (full 1):
 par new generation   total 2309568K, used 185560K [0x0000000686c00000, 0x0000000723600000, 0x0000000723600000)
  eden space 2052992K,   0% used [0x0000000686c00000, 0x0000000686c00000, 0x00000007040e0000)
  from space 256576K,  72% used [0x00000007040e0000, 0x000000070f6162d0, 0x0000000713b70000)
  to   space 256576K,   0% used [0x0000000713b70000, 0x0000000713b70000, 0x0000000723600000)
 concurrent mark-sweep generation total 2566144K, used 424113K [0x0000000723600000, 0x00000007c0000000, 0x00000007c0000000)
 concurrent-mark-sweep perm gen total 1048576K, used 229453K [0x00000007c0000000, 0x0000000800000000, 0x0000000800000000)
}
{Heap before GC invocations=29 (full 1):
 par new generation   total 2309568K, used 2238554K [0x0000000686c00000, 0x0000000723600000, 0x0000000723600000)
  eden space 2052992K, 100% used [0x0000000686c00000, 0x00000007040e0000, 0x00000007040e0000)
  from space 256576K,  72% used [0x00000007040e0000, 0x000000070f616958, 0x0000000713b70000)
  to   space 256576K,   0% used [0x0000000713b70000, 0x0000000713b70000, 0x0000000723600000)
 concurrent mark-sweep generation total 2566144K, used 424113K [0x0000000723600000, 0x00000007c0000000, 0x00000007c0000000)
 concurrent-mark-sweep perm gen total 1048576K, used 234520K [0x00000007c0000000, 0x0000000800000000, 0x0000000800000000)
2017-05-31T16:36:18.883+0200: 186.914: [GC2017-05-31T16:36:18.883+0200: 186.914: [ParNew
Desired survivor size 131366912 bytes, new threshold 6 (max 6)
- age   1:   38318888 bytes,   38318888 total
- age   2:   55750704 bytes,   94069592 total
- age   3:    4302688 bytes,   98372280 total
: 2238554K->170098K(2309568K), 0.2068540 secs] 2662667K->675271K(4875712K), 0.2070400 secs] [Times: user=0.67 sys=0.02, real=0.21 secs] 
Heap after GC invocations=30 (full 1):
 par new generation   total 2309568K, used 170098K [0x0000000686c00000, 0x0000000723600000, 0x0000000723600000)
  eden space 2052992K,   0% used [0x0000000686c00000, 0x0000000686c00000, 0x00000007040e0000)
  from space 256576K,  66% used [0x0000000713b70000, 0x000000071e18ca20, 0x0000000723600000)
  to   space 256576K,   0% used [0x00000007040e0000, 0x00000007040e0000, 0x0000000713b70000)
 concurrent mark-sweep generation total 2566144K, used 505172K [0x0000000723600000, 0x00000007c0000000, 0x00000007c0000000)
 concurrent-mark-sweep perm gen total 1048576K, used 234520K [0x00000007c0000000, 0x0000000800000000, 0x0000000800000000)
}
{Heap before GC invocations=30 (full 1):
 par new generation   total 2309568K, used 2223090K [0x0000000686c00000, 0x0000000723600000, 0x0000000723600000)
  eden space 2052992K, 100% used [0x0000000686c00000, 0x00000007040e0000, 0x00000007040e0000)
  from space 256576K,  66% used [0x0000000713b70000, 0x000000071e18ca20, 0x0000000723600000)
  to   space 256576K,   0% used [0x00000007040e0000, 0x00000007040e0000, 0x0000000713b70000)
 concurrent mark-sweep generation total 2566144K, used 505172K [0x0000000723600000, 0x00000007c0000000, 0x00000007c0000000)
 concurrent-mark-sweep perm gen total 1048576K, used 242176K [0x00000007c0000000, 0x0000000800000000, 0x0000000800000000)
2017-05-31T16:36:24.154+0200: 192.185: [GC2017-05-31T16:36:24.154+0200: 192.185: [ParNew
Desired survivor size 131366912 bytes, new threshold 3 (max 6)
- age   1:   58521384 bytes,   58521384 total
- age   2:   17126200 bytes,   75647584 total
- age   3:   55735392 bytes,  131382976 total
- age   4:    4302688 bytes,  135685664 total
: 2223090K->155371K(2309568K), 0.1011000 secs] 2728263K->660543K(4875712K), 0.1012760 secs] [Times: user=0.35 sys=0.00, real=0.10 secs] 
Heap after GC invocations=31 (full 1):
 par new generation   total 2309568K, used 155371K [0x0000000686c00000, 0x0000000723600000, 0x0000000723600000)
  eden space 2052992K,   0% used [0x0000000686c00000, 0x0000000686c00000, 0x00000007040e0000)
  from space 256576K,  60% used [0x00000007040e0000, 0x000000070d89adb0, 0x0000000713b70000)
  to   space 256576K,   0% used [0x0000000713b70000, 0x0000000713b70000, 0x0000000723600000)
 concurrent mark-sweep generation total 2566144K, used 505172K [0x0000000723600000, 0x00000007c0000000, 0x00000007c0000000)
 concurrent-mark-sweep perm gen total 1048576K, used 242176K [0x00000007c0000000, 0x0000000800000000, 0x0000000800000000)
}
{Heap before GC invocations=31 (full 1):
 par new generation   total 2309568K, used 2208363K [0x0000000686c00000, 0x0000000723600000, 0x0000000723600000)
  eden space 2052992K, 100% used [0x0000000686c00000, 0x00000007040e0000, 0x00000007040e0000)
  from space 256576K,  60% used [0x00000007040e0000, 0x000000070d89adb0, 0x0000000713b70000)
  to   space 256576K,   0% used [0x0000000713b70000, 0x0000000713b70000, 0x0000000723600000)
 concurrent mark-sweep generation total 2566144K, used 505172K [0x0000000723600000, 0x00000007c0000000, 0x00000007c0000000)
 concurrent-mark-sweep perm gen total 1048576K, used 250847K [0x00000007c0000000, 0x0000000800000000, 0x0000000800000000)
2017-05-31T16:36:29.262+0200: 197.293: [GC2017-05-31T16:36:29.262+0200: 197.293: [ParNew
Desired survivor size 131366912 bytes, new threshold 6 (max 6)
- age   1:   60850480 bytes,   60850480 total
- age   2:   25310312 bytes,   86160792 total
- age   3:   16656928 bytes,  102817720 total
: 2208363K->140310K(2309568K), 0.1600230 secs] 2713535K->704150K(4875712K), 0.1602230 secs] [Times: user=0.49 sys=0.01, real=0.16 secs] 
Heap after GC invocations=32 (full 1):
 par new generation   total 2309568K, used 140310K [0x0000000686c00000, 0x0000000723600000, 0x0000000723600000)
  eden space 2052992K,   0% used [0x0000000686c00000, 0x0000000686c00000, 0x00000007040e0000)
  from space 256576K,  54% used [0x0000000713b70000, 0x000000071c475920, 0x0000000723600000)
  to   space 256576K,   0% used [0x00000007040e0000, 0x00000007040e0000, 0x0000000713b70000)
 concurrent mark-sweep generation total 2566144K, used 563840K [0x0000000723600000, 0x00000007c0000000, 0x00000007c0000000)
 concurrent-mark-sweep perm gen total 1048576K, used 250847K [0x00000007c0000000, 0x0000000800000000, 0x0000000800000000)
}
{Heap before GC invocations=32 (full 1):
 par new generation   total 2309568K, used 2193302K [0x0000000686c00000, 0x0000000723600000, 0x0000000723600000)
  eden space 2052992K, 100% used [0x0000000686c00000, 0x00000007040e0000, 0x00000007040e0000)
  from space 256576K,  54% used [0x0000000713b70000, 0x000000071c475920, 0x0000000723600000)
  to   space 256576K,   0% used [0x00000007040e0000, 0x00000007040e0000, 0x0000000713b70000)
 concurrent mark-sweep generation total 2566144K, used 563840K [0x0000000723600000, 0x00000007c0000000, 0x00000007c0000000)
 concurrent-mark-sweep perm gen total 1048576K, used 253019K [0x00000007c0000000, 0x0000000800000000, 0x0000000800000000)
2017-05-31T16:36:34.427+0200: 202.459: [GC2017-05-31T16:36:34.428+0200: 202.459: [ParNew
Desired survivor size 131366912 bytes, new threshold 6 (max 6)
- age   1:   48960104 bytes,   48960104 total
- age   2:   33285144 bytes,   82245248 total
- age   3:   24868600 bytes,  107113848 total
- age   4:   16643536 bytes,  123757384 total
: 2193302K->163834K(2309568K), 0.1054160 secs] 2757142K->727674K(4875712K), 0.1056850 secs] [Times: user=0.40 sys=0.00, real=0.10 secs] 
Heap after GC invocations=33 (full 1):
 par new generation   total 2309568K, used 163834K [0x0000000686c00000, 0x0000000723600000, 0x0000000723600000)
  eden space 2052992K,   0% used [0x0000000686c00000, 0x0000000686c00000, 0x00000007040e0000)
  from space 256576K,  63% used [0x00000007040e0000, 0x000000070e0de9d0, 0x0000000713b70000)
  to   space 256576K,   0% used [0x0000000713b70000, 0x0000000713b70000, 0x0000000723600000)
 concurrent mark-sweep generation total 2566144K, used 563840K [0x0000000723600000, 0x00000007c0000000, 0x00000007c0000000)
 concurrent-mark-sweep perm gen total 1048576K, used 253019K [0x00000007c0000000, 0x0000000800000000, 0x0000000800000000)
}
{Heap before GC invocations=33 (full 1):
 par new generation   total 2309568K, used 2216826K [0x0000000686c00000, 0x0000000723600000, 0x0000000723600000)
  eden space 2052992K, 100% used [0x0000000686c00000, 0x00000007040e0000, 0x00000007040e0000)
  from space 256576K,  63% used [0x00000007040e0000, 0x000000070e0de9d0, 0x0000000713b70000)
  to   space 256576K,   0% used [0x0000000713b70000, 0x0000000713b70000, 0x0000000723600000)
 concurrent mark-sweep generation total 2566144K, used 563840K [0x0000000723600000, 0x00000007c0000000, 0x00000007c0000000)
 concurrent-mark-sweep perm gen total 1048576K, used 253109K [0x00000007c0000000, 0x0000000800000000, 0x0000000800000000)
2017-05-31T16:36:37.183+0200: 205.214: [GC2017-05-31T16:36:37.183+0200: 205.214: [ParNew
Desired survivor size 131366912 bytes, new threshold 6 (max 6)
- age   1:   10003912 bytes,   10003912 total
- age   2:   43231152 bytes,   53235064 total
- age   3:   33157680 bytes,   86392744 total
- age   4:   24865272 bytes,  111258016 total
- age   5:   16642872 bytes,  127900888 total
: 2216826K->190829K(2309568K), 0.0890680 secs] 2780666K->754670K(4875712K), 0.0893270 secs] [Times: user=0.34 sys=0.00, real=0.09 secs] 
Heap after GC invocations=34 (full 1):
 par new generation   total 2309568K, used 190829K [0x0000000686c00000, 0x0000000723600000, 0x0000000723600000)
  eden space 2052992K,   0% used [0x0000000686c00000, 0x0000000686c00000, 0x00000007040e0000)
  from space 256576K,  74% used [0x0000000713b70000, 0x000000071f5cb7b0, 0x0000000723600000)
  to   space 256576K,   0% used [0x00000007040e0000, 0x00000007040e0000, 0x0000000713b70000)
 concurrent mark-sweep generation total 2566144K, used 563840K [0x0000000723600000, 0x00000007c0000000, 0x00000007c0000000)
 concurrent-mark-sweep perm gen total 1048576K, used 253109K [0x00000007c0000000, 0x0000000800000000, 0x0000000800000000)
}
{Heap before GC invocations=34 (full 1):
 par new generation   total 2309568K, used 2243821K [0x0000000686c00000, 0x0000000723600000, 0x0000000723600000)
  eden space 2052992K, 100% used [0x0000000686c00000, 0x00000007040e0000, 0x00000007040e0000)
  from space 256576K,  74% used [0x0000000713b70000, 0x000000071f5cb7b0, 0x0000000723600000)
  to   space 256576K,   0% used [0x00000007040e0000, 0x00000007040e0000, 0x0000000713b70000)
 concurrent mark-sweep generation total 2566144K, used 563840K [0x0000000723600000, 0x00000007c0000000, 0x00000007c0000000)
 concurrent-mark-sweep perm gen total 1048576K, used 253162K [0x00000007c0000000, 0x0000000800000000, 0x0000000800000000)
2017-05-31T16:36:39.702+0200: 207.733: [GC2017-05-31T16:36:39.702+0200: 207.733: [ParNew
Desired survivor size 131366912 bytes, new threshold 6 (max 6)
- age   1:    9640976 bytes,    9640976 total
- age   2:    6616120 bytes,   16257096 total
- age   3:   43072752 bytes,   59329848 total
- age   4:   33136544 bytes,   92466392 total
- age   5:   24861440 bytes,  117327832 total
- age   6:   16642832 bytes,  133970664 total
: 2243821K->211617K(2309568K), 0.0948450 secs] 2807662K->775457K(4875712K), 0.0950890 secs] [Times: user=0.37 sys=0.00, real=0.09 secs] 
Heap after GC invocations=35 (full 1):
 par new generation   total 2309568K, used 211617K [0x0000000686c00000, 0x0000000723600000, 0x0000000723600000)
  eden space 2052992K,   0% used [0x0000000686c00000, 0x0000000686c00000, 0x00000007040e0000)
  from space 256576K,  82% used [0x00000007040e0000, 0x0000000710f88488, 0x0000000713b70000)
  to   space 256576K,   0% used [0x0000000713b70000, 0x0000000713b70000, 0x0000000723600000)
 concurrent mark-sweep generation total 2566144K, used 563840K [0x0000000723600000, 0x00000007c0000000, 0x00000007c0000000)
 concurrent-mark-sweep perm gen total 1048576K, used 253162K [0x00000007c0000000, 0x0000000800000000, 0x0000000800000000)
}
{Heap before GC invocations=35 (full 1):
 par new generation   total 2309568K, used 2264609K [0x0000000686c00000, 0x0000000723600000, 0x0000000723600000)
  eden space 2052992K, 100% used [0x0000000686c00000, 0x00000007040e0000, 0x00000007040e0000)
  from space 256576K,  82% used [0x00000007040e0000, 0x0000000710f88488, 0x0000000713b70000)
  to   space 256576K,   0% used [0x0000000713b70000, 0x0000000713b70000, 0x0000000723600000)
 concurrent mark-sweep generation total 2566144K, used 563840K [0x0000000723600000, 0x00000007c0000000, 0x00000007c0000000)
 concurrent-mark-sweep perm gen total 1048576K, used 253235K [0x00000007c0000000, 0x0000000800000000, 0x0000000800000000)
2017-05-31T16:36:42.193+0200: 210.224: [GC2017-05-31T16:36:42.193+0200: 210.224: [ParNew
Desired survivor size 131366912 bytes, new threshold 6 (max 6)
- age   1:    9486760 bytes,    9486760 total
- age   2:    5646168 bytes,   15132928 total
- age   3:    6015656 bytes,   21148584 total
- age   4:   42610992 bytes,   63759576 total
- age   5:   33077616 bytes,   96837192 total
- age   6:   24849904 bytes,  121687096 total
: 2264609K->192517K(2309568K), 0.1087860 secs] 2828449K->772708K(4875712K), 0.1090350 secs] [Times: user=0.40 sys=0.00, real=0.11 secs] 
Heap after GC invocations=36 (full 1):
 par new generation   total 2309568K, used 192517K [0x0000000686c00000, 0x0000000723600000, 0x0000000723600000)
  eden space 2052992K,   0% used [0x0000000686c00000, 0x0000000686c00000, 0x00000007040e0000)
  from space 256576K,  75% used [0x0000000713b70000, 0x000000071f7715f0, 0x0000000723600000)
  to   space 256576K,   0% used [0x00000007040e0000, 0x00000007040e0000, 0x0000000713b70000)
 concurrent mark-sweep generation total 2566144K, used 580191K [0x0000000723600000, 0x00000007c0000000, 0x00000007c0000000)
 concurrent-mark-sweep perm gen total 1048576K, used 253235K [0x00000007c0000000, 0x0000000800000000, 0x0000000800000000)
}
{Heap before GC invocations=36 (full 1):
 par new generation   total 2309568K, used 2245509K [0x0000000686c00000, 0x0000000723600000, 0x0000000723600000)
  eden space 2052992K, 100% used [0x0000000686c00000, 0x00000007040e0000, 0x00000007040e0000)
  from space 256576K,  75% used [0x0000000713b70000, 0x000000071f7715f0, 0x0000000723600000)
  to   space 256576K,   0% used [0x00000007040e0000, 0x00000007040e0000, 0x0000000713b70000)
 concurrent mark-sweep generation total 2566144K, used 580191K [0x0000000723600000, 0x00000007c0000000, 0x00000007c0000000)
 concurrent-mark-sweep perm gen total 1048576K, used 253322K [0x00000007c0000000, 0x0000000800000000, 0x0000000800000000)
2017-05-31T16:36:44.849+0200: 212.881: [GC2017-05-31T16:36:44.849+0200: 212.881: [ParNew
Desired survivor size 131366912 bytes, new threshold 6 (max 6)
- age   1:    9036904 bytes,    9036904 total
- age   2:    6153832 bytes,   15190736 total
- age   3:    5596968 bytes,   20787704 total
- age   4:    5823032 bytes,   26610736 total
- age   5:   42481336 bytes,   69092072 total
- age   6:   32954336 bytes,  102046408 total
: 2245509K->151519K(2309568K), 0.1139350 secs] 2825700K->756404K(4875712K), 0.1141690 secs] [Times: user=0.42 sys=0.00, real=0.11 secs] 
